
[hgb] horizon 60 min — CGMacros REEL
------------------------------------------------------------------
  Patients (leave-one-out)      45
  MAE modele                    20.66 mg/dL
  MAE persistance               19.97 mg/dL
  Gain                          -0.69 mg/dL  [IC95 -2.44, +1.07]
  p (Wilcoxon apparie)          5.46e-01
  Patients ou le modele gagne   25/45
  Couverture des intervalles    89.4 %  (largeur moyenne 91.1 mg/dL)

  Erreur par zone glycemique
    hypoglycemie   n=    223   MAE 51.60 mg/dL
    bas-normal     n=   9377   MAE 25.87 mg/dL
    normal         n=  79490   MAE 15.45 mg/dL
    eleve          n=  12650   MAE 37.42 mg/dL
    tres eleve     n=   2935   MAE 76.90 mg/dL

  Detection hypoglycemie (<70)  223 evenements reels | sensibilite 0 % | precision 0 %
  Detection hyperglycemie (>180) 15482 evenements | sensibilite 43 % | precision 68 %

  Equite — horizon 60 min
------------------------------------------------------------------------------
groupe           n  MAE mod.  MAE pers.     gain  gagnes  sens. hyper
diabete         14     25.71      25.77    +0.06  10/14        46.8 %
prediabete      16     18.46      19.18    +0.73   9/16        37.9 %
sain            15     18.29      15.40    -2.89   6/15        29.1 %
------------------------------------------------------------------------------
  Ecart max entre groupes       7.42 mg/dL
  p (permutation des groupes)   0.019
  -> ecart superieur a ce que le hasard produit


[hgb] horizon 90 min — CGMacros REEL
------------------------------------------------------------------
  Patients (leave-one-out)      45
  MAE modele                    25.32 mg/dL
  MAE persistance               24.51 mg/dL
  Gain                          -0.81 mg/dL  [IC95 -3.57, +1.95]
  p (Wilcoxon apparie)          3.70e-01
  Patients ou le modele gagne   25/45
  Couverture des intervalles    88.9 %  (largeur moyenne 109.4 mg/dL)

  Erreur par zone glycemique
    hypoglycemie   n=    221   MAE 58.55 mg/dL
    bas-normal     n=   9273   MAE 31.99 mg/dL
    normal         n=  77471   MAE 18.77 mg/dL
    eleve          n=  12425   MAE 45.50 mg/dL
    tres eleve     n=   2915   MAE 96.84 mg/dL

  Detection hypoglycemie (<70)  221 evenements reels | sensibilite 2 % | precision 36 %
  Detection hyperglycemie (>180) 15238 evenements | sensibilite 30 % | precision 49 %

  Equite — horizon 90 min
------------------------------------------------------------------------------
groupe           n  MAE mod.  MAE pers.     gain  gagnes  sens. hyper
diabete         14     32.01      32.97    +0.95  10/14        31.7 %
prediabete      16     22.25      23.37    +1.12   8/16        30.1 %
sain            15     22.34      17.84    -4.51   7/15        15.2 %
------------------------------------------------------------------------------
  Ecart max entre groupes       9.76 mg/dL
  p (permutation des groupes)   0.040
  -> ecart superieur a ce que le hasard produit


[hgb] horizon 120 min — CGMacros REEL
------------------------------------------------------------------
  Patients (leave-one-out)      45
  MAE modele                    28.73 mg/dL
  MAE persistance               28.01 mg/dL
  Gain                          -0.72 mg/dL  [IC95 -4.81, +3.37]
  p (Wilcoxon apparie)          1.53e-01
  Patients ou le modele gagne   28/45
  Couverture des intervalles    88.5 %  (largeur moyenne 121.2 mg/dL)

  Erreur par zone glycemique
    hypoglycemie   n=    221   MAE 58.24 mg/dL
    bas-normal     n=   9179   MAE 36.67 mg/dL
    normal         n=  75418   MAE 21.54 mg/dL
    eleve          n=  12209   MAE 50.04 mg/dL
    tres eleve     n=   2908   MAE 108.07 mg/dL

  Detection hypoglycemie (<70)  221 evenements reels | sensibilite 0 % | precision 0 %
  Detection hyperglycemie (>180) 15020 evenements | sensibilite 24 % | precision 37 %

  Equite — horizon 120 min
------------------------------------------------------------------------------
groupe           n  MAE mod.  MAE pers.     gain  gagnes  sens. hyper
diabete         14     35.80      38.52    +2.72  10/14        25.0 %
prediabete      16     24.14      26.56    +2.42  11/16        26.1 %
sain            15     27.02      19.76    -7.26   7/15        12.0 %
------------------------------------------------------------------------------
  Ecart max entre groupes       11.66 mg/dL
  p (permutation des groupes)   0.074
  -> avec ce nombre de patients, l'ecart ne se distingue pas du bruit

FINI
