# Run de reference — calibration patient de la couche 1
# commande : python scripts/run_calibration.py --cgmacros data/CGMacros --days-fit 3
# commit : f2caf6d  date : 2026-08-14T12:31:14Z
# ================================================================

======================================================================
CALIBRATION DE LA COUCHE 1 — table pre-construite (/tmp/cgm_real.pkl)
114,155 pas | 45 patients | 3 journees d'ajustement, le reste en test
======================================================================
  P001: rmse ajust.  14.0 | test  14.7 | theta 0.244 0.300 0.920 0.100 105.392
  P002: rmse ajust.  19.2 | test  20.6 | theta 1.101 2.500 2.364 0.050 114.509
  P003: rmse ajust.  22.0 | test  18.3 | theta 1.790 1.638 2.500 0.068 123.942
  P004: rmse ajust.  18.8 | test  16.9 | theta 0.336 0.300 1.370 0.060 137.459
  P005: rmse ajust.  29.6 | test  29.8 | theta 0.596 2.063 1.041 0.014 70.000
  P006: rmse ajust.  18.6 | test  18.5 | theta 0.919 1.735 1.251 0.046 93.693
  P008: rmse ajust.  24.5 | test  22.0 | theta 0.609 0.300 2.500 0.037 178.129
  P009: rmse ajust.  23.7 | test  24.0 | theta 0.427 2.500 1.923 0.017 98.242
  P010: rmse ajust.  21.9 | test  21.4 | theta 0.602 0.300 1.517 0.047 157.476
  P011: rmse ajust.  17.3 | test  19.1 | theta 1.390 0.300 1.348 0.083 129.760
  P012: rmse ajust.  33.9 | test  36.4 | theta 0.899 1.500 2.500 0.023 187.294
  P013: rmse ajust.  21.7 | test  21.6 | theta 0.449 1.939 1.050 0.018 70.000
  P014: rmse ajust.  24.8 | test  24.1 | theta 1.532 2.500 2.342 0.078 126.452
  P015: rmse ajust.  17.2 | test  15.9 | theta 0.200 0.626 0.382 0.081 101.004
  P016: rmse ajust.  17.0 | test  18.5 | theta 0.200 0.300 0.621 0.014 153.943
  P017: rmse ajust.  15.5 | test  17.4 | theta 0.224 0.300 0.623 0.025 129.496
  P018: rmse ajust.  24.9 | test  18.7 | theta 3.000 0.300 0.300 0.020 149.036
  P019: rmse ajust.  18.5 | test  14.9 | theta 3.000 0.300 0.300 0.020 143.555
  P020: rmse ajust.  30.4 | test  28.2 | theta 2.359 1.351 1.055 0.009 143.612
  P021: rmse ajust.  21.2 | test  20.8 | theta 1.352 0.300 0.633 0.020 145.553
  P022: rmse ajust.  17.3 | test  16.9 | theta 2.227 0.401 0.384 0.004 106.264
  P023: rmse ajust.  30.8 | test  28.9 | theta 3.000 0.369 0.300 0.010 131.497
  P026: rmse ajust.  25.6 | test  27.4 | theta 0.500 0.582 0.300 0.057 126.287
  P027: rmse ajust.  20.0 | test  18.4 | theta 0.397 0.300 0.337 0.027 113.504
  P028: rmse ajust.  23.3 | test  19.3 | theta 1.248 2.500 2.259 0.071 145.038
  P029: rmse ajust.  17.3 | test  18.0 | theta 0.651 0.897 1.450 0.028 146.287
  P030: rmse ajust.  59.5 | test  57.0 | theta 3.000 1.263 0.300 0.008 70.000
  P031: rmse ajust.  17.2 | test  18.8 | theta 0.416 0.300 0.818 0.026 128.199
  P032: rmse ajust.  18.3 | test  20.5 | theta 0.369 0.300 0.489 0.100 105.688
  P033: rmse ajust.  42.5 | test  37.5 | theta 2.026 2.500 0.300 0.100 117.391
  P034: rmse ajust.  14.3 | test  13.4 | theta 0.277 0.300 0.533 0.039 109.202
  P035: rmse ajust.  45.7 | test  35.6 | theta 1.498 1.966 2.500 0.042 220.000
  P036: rmse ajust.  48.1 | test  44.5 | theta 0.200 0.300 0.300 0.100 148.403
  P038: rmse ajust.  28.3 | test  30.1 | theta 1.495 2.249 2.500 0.028 156.625
  P039: rmse ajust.  58.5 | test  50.8 | theta 1.339 2.500 2.500 0.044 195.644
  P041: rmse ajust.  39.1 | test  31.3 | theta 1.219 2.500 0.693 0.046 119.913
  P042: rmse ajust.  31.6 | test  27.3 | theta 0.424 0.300 0.620 0.035 162.878
  P043: rmse ajust.  21.7 | test  24.0 | theta 0.910 0.300 1.192 0.053 142.973
  P044: rmse ajust.  21.2 | test  24.6 | theta 1.420 2.480 1.110 0.052 94.325
  P045: rmse ajust.  47.6 | test  46.6 | theta 1.494 2.500 2.122 0.083 146.632
  P046: rmse ajust.  44.7 | test  72.4 | theta 0.200 2.155 0.300 0.022 70.000
  P047: rmse ajust.  39.0 | test  38.9 | theta 1.137 2.500 2.264 0.018 168.116
  P048: rmse ajust.  19.1 | test  31.8 | theta 0.712 0.300 1.105 0.100 98.684
  P049: rmse ajust.  37.9 | test  47.1 | theta 2.068 2.500 0.782 0.033 91.287

RESULTAT
----------------------------------------------------------------------
  Patients calibres             44
  RMSE calibre par patient      27.33 mg/dL
  RMSE parametres de population 39.97 mg/dL
  RMSE persistance              35.95 mg/dL
  Gain de la calibration        +12.64 mg/dL [IC95 +8.31, +16.96]
  p (Wilcoxon apparie)          1.13e-09
  Patients ameliores            40/44
  Modele direct > persistance   42/44
  Parametres medians            gain_ra=0.915  gain_hgp=0.761  gain_rd=1.045  k=0.038  g_base=128.848

  Par sous-groupe
    groupe           n   calibre  population     gain
    diabete         14     37.96       55.43   +17.47
    prediabete      15     24.84       31.82    +6.98
    sain            15     19.91       33.70   +13.78

  Dispersion des parametres ajustes (le patient moyen n'existe pas)
    parametre         p10   mediane      p90  rapport p90/p10
    gain_ra         0.230     0.915    2.319             10.1
    gain_hgp        0.300     0.761    2.500              8.3
    gain_rd         0.300     1.045    2.500              8.3
    k               0.014     0.038    0.095              6.7
    g_base         92.009   128.848  166.544              1.8

Resultats ecrits dans results/calibration_reelle.json

# code retour : 0
