# Run de reference — ablation des concepts sur DONNEES REELLES
# commande : python scripts/run_ablation.py --cgmacros data/CGMacros --horizons 30 60 90 120
# commit : 9f1387d  date : 2026-08-14T13:27:29Z
# NOTE : l ablation du depot tournait sur cohorte SYNTHETIQUE, donc
#        partiellement circulaire. Celle-ci ne l est pas.
# ================================================================

==============================================================================
ABLATION DES CONCEPTS — table pre-construite
114,155 pas | 45 patients
==============================================================================

=== Horizon 30 min ===
  historique       0 concepts, 11 features | MAE  13.08 | pers.  13.41 | hyper 68.6 %
  + repas          2 concepts, 13 features | MAE  12.40 | pers.  13.41 | hyper 69.8 %
  + activite       8 concepts, 19 features | MAE  12.32 | pers.  13.41 | hyper 70.3 %
  + modulateurs   13 concepts, 24 features | MAE  12.33 | pers.  13.41 | hyper 70.0 %

  Apport de chaque groupe (test apparie contre le bras precedent)
    groupe ajoute     gain MAE                IC95        p  patients
    + repas              +0.68   [+0.49, +0.87]    0.000     41/45 *
    + activite           +0.08   [-0.02, +0.18]    0.071     29/45
    + modulateurs        -0.01   [-0.10, +0.08]    0.623     20/45
    TOTAL couche 1       +0.75   [+0.52, +0.98]    0.000     39/45 *

=== Horizon 60 min ===
  historique       0 concepts, 11 features | MAE  21.66 | pers.  19.97 | hyper 38.8 %
  + repas          2 concepts, 13 features | MAE  20.73 | pers.  19.97 | hyper 42.4 %
  + activite       8 concepts, 19 features | MAE  20.53 | pers.  19.97 | hyper 43.1 %
  + modulateurs   13 concepts, 24 features | MAE  20.66 | pers.  19.97 | hyper 43.5 %

  Apport de chaque groupe (test apparie contre le bras precedent)
    groupe ajoute     gain MAE                IC95        p  patients
    + repas              +0.93   [+0.33, +1.54]    0.000     37/45 *
    + activite           +0.19   [-0.12, +0.51]    0.308     25/45
    + modulateurs        -0.12   [-0.35, +0.10]    0.414     20/45
    TOTAL couche 1       +1.00   [+0.30, +1.70]    0.000     34/45 *

=== Horizon 90 min ===
  historique       0 concepts, 11 features | MAE  26.99 | pers.  24.51 | hyper 24.8 %
  + repas          2 concepts, 13 features | MAE  25.33 | pers.  24.51 | hyper 28.7 %
  + activite       8 concepts, 19 features | MAE  25.53 | pers.  24.51 | hyper 29.3 %
  + modulateurs   13 concepts, 24 features | MAE  25.32 | pers.  24.51 | hyper 30.1 %

  Apport de chaque groupe (test apparie contre le bras precedent)
    groupe ajoute     gain MAE                IC95        p  patients
    + repas              +1.66   [+1.00, +2.32]    0.000     39/45 *
    + activite           -0.19   [-0.88, +0.50]    0.252     26/45
    + modulateurs        +0.21   [-0.10, +0.52]    0.341     25/45
    TOTAL couche 1       +1.67   [+0.61, +2.74]    0.001     33/45 *

=== Horizon 120 min ===
  historique       0 concepts, 11 features | MAE  30.65 | pers.  28.01 | hyper 20.5 %
  + repas          2 concepts, 13 features | MAE  28.91 | pers.  28.01 | hyper 23.7 %
  + activite       8 concepts, 19 features | MAE  28.80 | pers.  28.01 | hyper 23.8 %
  + modulateurs   13 concepts, 24 features | MAE  28.73 | pers.  28.01 | hyper 24.3 %

  Apport de chaque groupe (test apparie contre le bras precedent)
    groupe ajoute     gain MAE                IC95        p  patients
    + repas              +1.74   [+0.90, +2.58]    0.000     36/45 *
    + activite           +0.11   [-0.73, +0.94]    0.025     31/45 *
    + modulateurs        +0.07   [-0.73, +0.87]    0.395     16/45
    TOTAL couche 1       +1.92   [+0.61, +3.24]    0.000     35/45 *

==============================================================================
VERDICT — la couche 1 apporte-t-elle quelque chose ?
==============================================================================
 horizon   historique seul   couche 1 complete     gain        p
    30 min             13.08               12.33    +0.75    0.000
    60 min             21.66               20.66    +1.00    0.000
    90 min             26.99               25.32    +1.67    0.001
   120 min             30.65               28.73    +1.92    0.000

  La couche 1 apporte a TOUS les horizons testes. Le goulot
  conceptuel n'est pas qu'un ornement interpretable : il porte de
  l'information que l'historique glycemique ne contient pas.

Resultats ecrits dans results/ablation_reelle.json

# code retour : 0
