# Run de reference — couche 3 sur DONNEES REELLES (CGMacros, 45 patients)
# commit : c476d66  date : 2026-08-14T10:05:24Z
# ================================================================

### EVENEMENT : HYPERGLYCEMIE (> 180 mg/dL)
======================================================================
COUCHE 3 — hyperglycemie | CGMacros reel (/mnt/user-data/uploads/ai4heath/CGMacros_csv)
114,155 pas | 45 patients | taux de base 14.7 %
======================================================================

[hgb] horizon 30 min
----------------------------------------------------------------------
  Evenement                     hyperglycemie (seuil 180 mg/dL)
  Taux de base                  14.7 % (15727 sur 107045)
  Brier                         0.0472
  Gain sur la climatologie      +0.623   
  Erreur de calibration         0.004
  AUROC par patient             0.926  [IC95 0.913, 0.939]  sur 42 patients
  AUROC poolee                  0.960  (+0.034 vs par patient — melange les patients)
  Average precision             0.857  (hasard = 0.147)
  --- la question du module ---
  Detection par seuil           71.7 % de sensibilite
  Probabilite calibree          AUROC 0.926 -> le classement reste informatif

  Fiabilite — hyperglycemie
      annonce   observe         n
         0.0%      0.2%    13,170
         0.1%      0.1%    13,174
         0.3%      0.5%    13,693
         0.8%      1.0%    13,336
         2.0%      2.3%    13,522
         5.1%      5.3%    13,359
        23.5%     25.1%    13,397
        82.6%     83.0%    13,394

[hgb] horizon 60 min
----------------------------------------------------------------------
  Evenement                     hyperglycemie (seuil 180 mg/dL)
  Taux de base                  14.8 % (15482 sur 104675)
  Brier                         0.0870
  Gain sur la climatologie      +0.310   
  Erreur de calibration         0.021
  AUROC par patient             0.772  [IC95 0.734, 0.811]  sur 42 patients
  AUROC poolee                  0.865  (+0.092 vs par patient — melange les patients)
  Average precision             0.601  (hasard = 0.148)
  --- la question du module ---
  Detection par seuil           48.2 % de sensibilite
  Probabilite calibree          AUROC 0.772 -> le classement reste informatif

  Fiabilite — hyperglycemie
      annonce   observe         n
         0.6%      1.7%    12,669
         1.4%      1.3%    13,464
         2.3%      2.8%    13,011
         3.6%      4.6%    12,945
         5.9%      6.4%    13,316
        11.2%     14.1%    13,069
        24.9%     26.6%    12,936
        63.5%     60.2%    13,265

[hgb] horizon 90 min
----------------------------------------------------------------------
  Evenement                     hyperglycemie (seuil 180 mg/dL)
  Taux de base                  14.9 % (15238 sur 102305)
  Brier                         0.1087
  Gain sur la climatologie      +0.142   
  Erreur de calibration         0.038
  AUROC par patient             0.687  [IC95 0.649, 0.726]  sur 42 patients
  AUROC poolee                  0.769  (+0.081 vs par patient — melange les patients)
  Average precision             0.426  (hasard = 0.149)
  --- la question du module ---
  Detection par seuil           35.8 % de sensibilite
  Probabilite calibree          AUROC 0.687 -> le classement s'affaiblit aussi

  Fiabilite — hyperglycemie
      annonce   observe         n
         1.1%      4.3%    12,651
         2.8%      2.6%    12,711
         4.1%      4.5%    12,165
         5.5%      9.2%    13,090
         8.7%     16.0%    13,277
        14.7%     13.9%    12,803
        26.5%     23.5%    12,814
        55.4%     44.5%    12,794

[hgb] horizon 120 min
----------------------------------------------------------------------
  Evenement                     hyperglycemie (seuil 180 mg/dL)
  Taux de base                  15.0 % (15020 sur 99935)
  Brier                         0.1207
  Gain sur la climatologie      +0.055   
  Erreur de calibration         0.052
  AUROC par patient             0.666  [IC95 0.633, 0.699]  sur 42 patients
  AUROC poolee                  0.698  (+0.033 vs par patient — melange les patients)
  Average precision             0.339  (hasard = 0.150)
  --- la question du module ---
  Detection par seuil           29.4 % de sensibilite
  Probabilite calibree          AUROC 0.666 -> le classement s'affaiblit aussi

  Fiabilite — hyperglycemie
      annonce   observe         n
         1.4%      6.6%    12,427
         3.6%      4.4%    12,411
         5.4%     12.3%    12,071
         7.5%      6.7%    12,964
        10.5%     17.3%    12,520
        16.3%     13.4%    12,551
        25.6%     24.9%    12,471
        52.2%     34.6%    12,520  <-- surestime

======================================================================
SYNTHESE — le seuil s'effondre, et le classement ?
======================================================================
 horizon  sens. seuil  AUROC/pat              IC95      AP    base  gain clim.    ECE
    30 min        71.7%      0.926  [0.913, 0.939]   0.857   0.147      +0.623  0.004
    60 min        48.2%      0.772  [0.734, 0.811]   0.601   0.148      +0.310  0.021
    90 min        35.8%      0.687  [0.649, 0.726]   0.426   0.149      +0.142  0.038
   120 min        29.4%      0.666  [0.633, 0.699]   0.339   0.150      +0.055  0.052

Lecture :
  Recuperation COMPLETE : la probabilite reste informative ET calibree
  a tous les horizons testes.

Resultats ecrits dans results/couche3_reel_hyper.json

### EVENEMENT : HYPOGLYCEMIE (< 70 mg/dL) — jamais detectee par le seuil
======================================================================
COUCHE 3 — hypoglycemie | CGMacros reel (/mnt/user-data/uploads/ai4heath/CGMacros_csv)
114,155 pas | 45 patients | taux de base 0.2 %
======================================================================

[hgb] horizon 30 min
----------------------------------------------------------------------
  Evenement                     hypoglycemie (seuil 70 mg/dL)
  Taux de base                  0.2 % (223 sur 107045)
  Brier                         0.0021
  Gain sur la climatologie      +0.009   
  Erreur de calibration         0.001
  AUROC par patient             0.752  [IC95 0.623, 0.880]  sur 18 patients
  AUROC poolee                  0.842  (+0.091 vs par patient — melange les patients)
  Average precision             0.042  (hasard = 0.002)
  --- la question du module ---
  Detection par seuil           0.0 % de sensibilite
  Probabilite calibree          AUROC 0.752 -> le classement reste informatif

  Fiabilite — hypoglycemie
      annonce   observe         n
         0.0%      0.0%    52,925
         0.0%      0.1%    13,898
         0.1%      0.1%    13,269
         0.2%      0.1%    13,544
         1.4%      1.2%    13,409

[hgb] horizon 60 min
----------------------------------------------------------------------
  Evenement                     hypoglycemie (seuil 70 mg/dL)
  Taux de base                  0.2 % (223 sur 104675)
  Brier                         0.0021
  Gain sur la climatologie      -0.009   (pire que rien)
  Erreur de calibration         0.001
  AUROC par patient             0.609  [IC95 0.481, 0.737]  sur 18 patients
  AUROC poolee                  0.685  (+0.076 vs par patient — melange les patients)
  Average precision             0.007  (hasard = 0.002)
  --- la question du module ---
  Detection par seuil           0.0 % de sensibilite
  Probabilite calibree          AUROC 0.609 -> le classement s'affaiblit aussi

  Fiabilite — hypoglycemie
      annonce   observe         n
         0.0%      0.1%    38,981
         0.1%      0.3%    12,615
         0.1%      0.1%    13,225
         0.1%      0.2%    13,417
         0.2%      0.1%    12,696
         1.0%      0.7%    13,741

[hgb] horizon 90 min
----------------------------------------------------------------------
  Evenement                     hypoglycemie (seuil 70 mg/dL)
  Taux de base                  0.2 % (221 sur 102305)
  Brier                         0.0022
  Gain sur la climatologie      -0.008   (pire que rien)
  Erreur de calibration         0.002
  AUROC par patient             0.532  [IC95 0.433, 0.631]  sur 17 patients
  AUROC poolee                  0.616  (+0.083 vs par patient — melange les patients)
  Average precision             0.003  (hasard = 0.002)
  --- la question du module ---
  Detection par seuil           1.8 % de sensibilite
  Probabilite calibree          AUROC 0.532 -> plus d'information exploitable

  Fiabilite — hypoglycemie
      annonce   observe         n
         0.0%      0.1%    38,219
         0.1%      0.3%    12,488
         0.1%      0.1%    11,705
         0.2%      0.3%    13,944
         0.3%      0.2%    13,118
         1.0%      0.5%    12,831

[hgb] horizon 120 min
----------------------------------------------------------------------
  Evenement                     hypoglycemie (seuil 70 mg/dL)
  Taux de base                  0.2 % (221 sur 99935)
  Brier                         0.0022
  Gain sur la climatologie      -0.009   (pire que rien)
  Erreur de calibration         0.002
  AUROC par patient             0.529  [IC95 0.447, 0.611]  sur 17 patients
  AUROC poolee                  0.590  (+0.061 vs par patient — melange les patients)
  Average precision             0.003  (hasard = 0.002)
  --- la question du module ---
  Detection par seuil           0.0 % de sensibilite
  Probabilite calibree          AUROC 0.529 -> plus d'information exploitable

  Fiabilite — hypoglycemie
      annonce   observe         n
         0.0%      0.2%    37,318
         0.1%      0.3%    10,746
         0.1%      0.0%    13,913
         0.2%      0.2%    12,695
         0.3%      0.3%    12,607
         1.0%      0.4%    12,656

======================================================================
SYNTHESE — le seuil s'effondre, et le classement ?
======================================================================
 horizon  sens. seuil  AUROC/pat              IC95      AP    base  gain clim.    ECE
    30 min         0.0%      0.752  [0.623, 0.880]   0.042   0.002      +0.009  0.001
    60 min         0.0%      0.609  [0.481, 0.737]   0.007   0.002      -0.009  0.001
    90 min         1.8%      0.532  [0.433, 0.631]   0.003   0.002      -0.008  0.002
   120 min         0.0%      0.529  [0.447, 0.611]   0.003   0.002      -0.009  0.002

Lecture :
  Pas de recuperation : la probabilite perd l'information en meme temps
  que le seuil.

Resultats ecrits dans results/couche3_reel_hypo.json

# code retour : 0
